Traceback (most recent call last):
  File "/Users/instructorzamora/miniconda3/envs/ml_venv/lib/python3.9/site-packages/jupyter_cache/executors/utils.py", line 58, in single_nb_execution
    executenb(
  File "/Users/instructorzamora/miniconda3/envs/ml_venv/lib/python3.9/site-packages/nbclient/client.py", line 1305, in execute
    return NotebookClient(nb=nb, resources=resources, km=km, **kwargs).execute()
  File "/Users/instructorzamora/miniconda3/envs/ml_venv/lib/python3.9/site-packages/jupyter_core/utils/__init__.py", line 166, in wrapped
    return loop.run_until_complete(inner)
  File "/Users/instructorzamora/miniconda3/envs/ml_venv/lib/python3.9/asyncio/base_events.py", line 642, in run_until_complete
    return future.result()
  File "/Users/instructorzamora/miniconda3/envs/ml_venv/lib/python3.9/site-packages/nbclient/client.py", line 705, in async_execute
    await self.async_execute_cell(
  File "/Users/instructorzamora/miniconda3/envs/ml_venv/lib/python3.9/site-packages/nbclient/client.py", line 1058, in async_execute_cell
    await self._check_raise_for_error(cell, cell_index, exec_reply)
  File "/Users/instructorzamora/miniconda3/envs/ml_venv/lib/python3.9/site-packages/nbclient/client.py", line 914, in _check_raise_for_error
    raise CellExecutionError.from_cell_and_msg(cell, exec_reply_content)
nbclient.exceptions.CellExecutionError: An error occurred while executing the following cell:
------------------
#-------------------------------------------------------------------------
# 11. Importar los paquetes necesarios
#-------------------------------------------------------------------------

import zipfile
import pandas as pd
import time

#-------------------------------------------------------------------------
# 12. Leer el archivo CSV 'FD1.csv' desde el ZIP
#     Ruta al archivo ZIP
#-------------------------------------------------------------------------

zip_path = "C:/Users/jthow/iCloudDrive/Documents/3_Maestria_Estadistica_UNINORTE/3_Tercer_Semestre/Machine_Learning/Parcial_Practico/Fraude_Data_FD1_FD2.zip"

#-------------------------------------------------------------------------
# 13. Lista para almacenar los tiempos de ejecución
# --------------------------------------------------------------------------

execution_times = []

start_time = time.time()  # Iniciar el cronómetro

with zipfile.ZipFile(zip_path, 'r') as zip_ref:
    with zip_ref.open('FD1.csv') as file:
        FD1 = pd.read_csv(file)

end_time = time.time()  # Detener el cronómetro
elapsed_time = end_time - start_time
execution_times.append(("Lectura del CSV", elapsed_time))

#-------------------------------------------------------------------------
# 14. Mostrar el DataFrame FD1
#-------------------------------------------------------------------------

start_time = time.time()  # Iniciar el cronómetro

print(FD1.head())  # Muestra las primeras filas del DataFrame

end_time = time.time()  # Detener el cronómetro
elapsed_time = end_time - start_time
execution_times.append(("Visualización del DataFrame", elapsed_time))

#-------------------------------------------------------------------------
# 15. Mostrar los tiempos de ejecución en una tabla
#     Convertir los tiempos a minutos y segundos
#-------------------------------------------------------------------------

formatted_times = [(desc, f"{int(t // 60)} minutos y {int(t % 60)} segundos") for desc, t in execution_times]

#-------------------------------------------------------------------------
# 16. Crear un DataFrame para mostrar los tiempos
#-------------------------------------------------------------------------

times_df = pd.DataFrame(formatted_times, columns=["Descripción", "Tiempo Transcurrido"])
print("\nTiempos de ejecución:")
print(times_df)

------------------


[0;31m---------------------------------------------------------------------------[0m
[0;31mFileNotFoundError[0m                         Traceback (most recent call last)
Cell [0;32mIn[1], line 24[0m
[1;32m     20[0m execution_times [38;5;241m=[39m []
[1;32m     22[0m start_time [38;5;241m=[39m time[38;5;241m.[39mtime()  [38;5;66;03m# Iniciar el cronómetro[39;00m
[0;32m---> 24[0m [38;5;28;01mwith[39;00m [43mzipfile[49m[38;5;241;43m.[39;49m[43mZipFile[49m[43m([49m[43mzip_path[49m[43m,[49m[43m [49m[38;5;124;43m'[39;49m[38;5;124;43mr[39;49m[38;5;124;43m'[39;49m[43m)[49m [38;5;28;01mas[39;00m zip_ref:
[1;32m     25[0m     [38;5;28;01mwith[39;00m zip_ref[38;5;241m.[39mopen([38;5;124m'[39m[38;5;124mFD1.csv[39m[38;5;124m'[39m) [38;5;28;01mas[39;00m file:
[1;32m     26[0m         FD1 [38;5;241m=[39m pd[38;5;241m.[39mread_csv(file)

File [0;32m~/miniconda3/envs/ml_venv/lib/python3.9/zipfile.py:1239[0m, in [0;36mZipFile.__init__[0;34m(self, file, mode, compression, allowZip64, compresslevel, strict_timestamps)[0m
[1;32m   1237[0m [38;5;28;01mwhile[39;00m [38;5;28;01mTrue[39;00m:
[1;32m   1238[0m     [38;5;28;01mtry[39;00m:
[0;32m-> 1239[0m         [38;5;28mself[39m[38;5;241m.[39mfp [38;5;241m=[39m [43mio[49m[38;5;241;43m.[39;49m[43mopen[49m[43m([49m[43mfile[49m[43m,[49m[43m [49m[43mfilemode[49m[43m)[49m
[1;32m   1240[0m     [38;5;28;01mexcept[39;00m [38;5;167;01mOSError[39;00m:
[1;32m   1241[0m         [38;5;28;01mif[39;00m filemode [38;5;129;01min[39;00m modeDict:

[0;31mFileNotFoundError[0m: [Errno 2] No such file or directory: 'C:/Users/jthow/iCloudDrive/Documents/3_Maestria_Estadistica_UNINORTE/3_Tercer_Semestre/Machine_Learning/Parcial_Practico/Fraude_Data_FD1_FD2.zip'

